// Jest Snapshot v1, https://goo.gl/fbAQLP

exports[`NotFound component renders 1`] = `
Array [
  <h2>
    Not Found
  </h2>,
  <pre>
    Sorry, but we couldn't find anything here!
  </pre>,
]
`;
