// Jest Snapshot v1, https://goo.gl/fbAQLP

exports[`Clicker component renders 1`] = `
<div>
  <p>
    You clicked me 
    -1
     times
  </p>
  <button
    className="Clicker__Button-sc-1nisp1c-0 kVvypr"
  >
    Click me
  </button>
</div>
`;
