// Jest Snapshot v1, https://goo.gl/fbAQLP

exports[`Home component renders 1`] = `
<div
  className="sc-bdVaJa oeApa"
>
  <h1>
    Home
  </h1>
  <p>
    Welcome to the index page!
  </p>
</div>
`;
