// Jest Snapshot v1, https://goo.gl/fbAQLP

exports[`SomePage component renders 1`] = `
Array [
  <h3>
    SomePage
  </h3>,
  <p>
    This is just some random page.
  </p>,
  <p>
    <em>
      I hope this gives you an idea of where to go with this project!
    </em>
  </p>,
]
`;
