// Jest Snapshot v1, https://goo.gl/fbAQLP

exports[`StatefullComponent component renders 1`] = `
<div>
  <p>
    You clicked me 
    0
     times
  </p>
  <button
    className="sc-AxjAm cDvpSm"
    onClick={[Function]}
  >
    Click me
  </button>
</div>
`;
